// Jest Snapshot v1, https://goo.gl/fbAQLP

exports[`App Component renders tropical tigers 1`] = `
<div>
  <button
    type="button"
  >
    Click me!
  </button>
  <h1>
    Tropical Tigers
  </h1>
</div>
`;
